[demoxml.com/html/educampus/index.html]
[backblue.gif]
[fade.gif]
[index.html]
[demoxml.com/html/educampus/fonts/Lato-Medium.css]
[demoxml.com/html/educampus/fonts/Lato-Heavy.css]
[demoxml.com/html/educampus/css/bootstrap.min.css]
[demoxml.com/html/educampus/css/font-awesome.min.css]
[demoxml.com/html/educampus/css/pe-icon-7-stroke.css]
[demoxml.com/html/educampus/css/animate.css]
[demoxml.com/html/educampus/css/owl.carousel.css]
[demoxml.com/html/educampus/style.css]
[demoxml.com/html/educampus/css/responsive.css]
[demoxml.com/html/educampus/img/apple-touch-icon-precomposed.png]
[demoxml.com/html/educampus/img/fav-icon.png]
[demoxml.com/html/educampus/img/icon_cap.png]
[demoxml.com/html/educampus/about.html]
[demoxml.com/html/educampus/courses.html]
[demoxml.com/html/educampus/events.html]
[demoxml.com/html/educampus/news.html]
[demoxml.com/html/educampus/alumni.html]
[demoxml.com/html/educampus/contact.html]
[demoxml.com/html/educampus/img/header_bottom_photo.png]
[demoxml.com/html/educampus/img/single_course_thumb_1.png]
[demoxml.com/html/educampus/img/icon_course_1.png]
[demoxml.com/html/educampus/img/single_course_thumb_2.png]
[demoxml.com/html/educampus/img/icon_course_2.png]
[demoxml.com/html/educampus/img/single_course_thumb_3.png]
[demoxml.com/html/educampus/img/icon_course_3.png]
[demoxml.com/html/educampus/img/single_course_thumb_4.png]
[demoxml.com/html/educampus/img/icon_course_4.png]
[demoxml.com/html/educampus/img/single_course_thumb_5.png]
[demoxml.com/html/educampus/img/icon_course_5.png]
[demoxml.com/html/educampus/img/single_course_thumb_6.png]
[demoxml.com/html/educampus/img/icon_course_6.png]
[demoxml.com/html/educampus/img/why_choose_us_photo.jpg]
[demoxml.com/html/educampus/img/icon_why_choose_1.png]
[demoxml.com/html/educampus/img/icon_why_choose_2.png]
[demoxml.com/html/educampus/img/icon_why_choose_3.png]
[demoxml.com/html/educampus/img/latest_course_1.jpg]
[demoxml.com/html/educampus/img/latest_course_2.jpg]
[demoxml.com/html/educampus/img/latest_course_3.jpg]
[demoxml.com/html/educampus/img/our_faculties_1.jpg]
[demoxml.com/html/educampus/img/our_faculties_2.jpg]
[demoxml.com/html/educampus/img/our_faculties_3.jpg]
[demoxml.com/html/educampus/img/our_faculties_4.jpg]
[demoxml.com/html/educampus/img/test_slider_1.jpg]
[demoxml.com/html/educampus/img/partners_logo_1.jpg]
[demoxml.com/html/educampus/img/partners_logo_2.jpg]
[demoxml.com/html/educampus/img/partners_logo_3.jpg]
[demoxml.com/html/educampus/img/partners_logo_4.jpg]
[demoxml.com/html/educampus/img/partners_logo_5.jpg]
[demoxml.com/html/educampus/img/partners_logo_6.jpg]
[demoxml.com/html/educampus/img/latest_post_1.jpg]
[demoxml.com/html/educampus/img/latest_post_2.jpg]
[demoxml.com/html/educampus/img/latest_post_3.jpg]
[demoxml.com/html/educampus/js/vendor/jquery.1.11.1.js]
[demoxml.com/html/educampus/js/bootstrap.min.js]
[demoxml.com/html/educampus/js/waypoints.min.js]
[demoxml.com/html/educampus/js/jquery.counterup.min.js]
[demoxml.com/html/educampus/js/jquery.easing.1.3.min.js]
[demoxml.com/html/educampus/js/owl.carousel.min.js]
[demoxml.com/html/educampus/js/wow.min.js]
[demoxml.com/html/educampus/js/main.js]
[demoxml.com/html/educampus/index.html]
[demoxml.com/html/educampus/fonts/Lato-Medium.eot]
[demoxml.com/html/educampus/fonts/Lato-Mediumd41d.eot]
[demoxml.com/html/educampus/fonts/Lato-Medium.woff]
[demoxml.com/html/educampus/fonts/Lato-Medium.ttf]
[demoxml.com/html/educampus/fonts/Lato-Medium.css]
[demoxml.com/html/educampus/fonts/Lato-Heavy.eot]
[demoxml.com/html/educampus/fonts/Lato-Heavyd41d.eot]
[demoxml.com/html/educampus/fonts/Lato-Heavy.woff]
[demoxml.com/html/educampus/fonts/Lato-Heavy.ttf]
[demoxml.com/html/educampus/fonts/Lato-Heavy.css]
[demoxml.com/html/educampus/fonts/glyphicons-halflings-regular.eot]
[demoxml.com/html/educampus/fonts/glyphicons-halflings-regulard41d.eot]
[demoxml.com/html/educampus/fonts/glyphicons-halflings-regular.woff2]
[demoxml.com/html/educampus/fonts/glyphicons-halflings-regular.woff]
[demoxml.com/html/educampus/fonts/glyphicons-halflings-regular.ttf]
[demoxml.com/html/educampus/css/bootstrap.min.css]
[demoxml.com/html/educampus/fonts/glyphicons-halflings-regular.svg]
[demoxml.com/html/educampus/fonts/fontawesome-webfonte0a5.eot]
[demoxml.com/html/educampus/fonts/fontawesome-webfontd41d.eot]
[demoxml.com/html/educampus/fonts/fontawesome-webfonte0a5.woff2]
[demoxml.com/html/educampus/fonts/fontawesome-webfonte0a5.woff]
[demoxml.com/html/educampus/fonts/fontawesome-webfonte0a5.ttf]
[demoxml.com/html/educampus/css/font-awesome.min.css]
[demoxml.com/html/educampus/fonts/Pe-icon-7-strokebb1d.eot]
[demoxml.com/html/educampus/fonts/fontawesome-webfonte0a5.svg]
[demoxml.com/html/educampus/fonts/Pe-icon-7-stroked41d.eot]
[demoxml.com/html/educampus/fonts/Pe-icon-7-strokebb1d.woff]
[demoxml.com/html/educampus/fonts/Pe-icon-7-strokebb1d.ttf]
[demoxml.com/html/educampus/css/pe-icon-7-stroke.css]
[demoxml.com/html/educampus/css/animate.css]
[demoxml.com/html/educampus/fonts/Pe-icon-7-strokebb1d.svg]
[demoxml.com/html/educampus/css/owl.video.play.png]
[demoxml.com/html/educampus/css/owl.carousel.css]
[demoxml.com/html/educampus/img/bg_breadcrumb.jpg]
[demoxml.com/html/educampus/img/bg_breadcrumb_bottom.png]
[demoxml.com/html/educampus/img/icon_search.png]
[demoxml.com/html/educampus/img/bg_header_bottom.jpg]
[demoxml.com/html/educampus/img/bg_course_search.jpg]
[demoxml.com/html/educampus/img/icon_select_1.png]
[demoxml.com/html/educampus/img/icon_select_2.png]
[demoxml.com/html/educampus/img/icon_select_3.png]
[demoxml.com/html/educampus/img/icon_select_4.png]
[demoxml.com/html/educampus/img/icon_select_5.png]
[demoxml.com/html/educampus/img/bg_latest_course.jpg]
[demoxml.com/html/educampus/img/bg_footer_top.png]
[demoxml.com/html/educampus/img/icon_newslatter.png]
[demoxml.com/html/educampus/img/bg_widget_title.png]
[demoxml.com/html/educampus/img/bg_latest_tweet.png]
[demoxml.com/html/educampus/img/icon_footer_contact_1.png]
[demoxml.com/html/educampus/img/icon_footer_contact_2.png]
[demoxml.com/html/educampus/img/icon_footer_contact_3.png]
[demoxml.com/html/educampus/img/icon_footer_contact_4.png]
[demoxml.com/html/educampus/img/bg_index2_header_bottom.jpg]
[demoxml.com/html/educampus/img/degree_icon_after.png]
[demoxml.com/html/educampus/img/bg_index2_tesimonial.png]
[demoxml.com/html/educampus/img/bg_sing_practice.png]
[demoxml.com/html/educampus/img/bg_call_to_action.jpg]
[demoxml.com/html/educampus/img/bg_contact_page.jpg]
[demoxml.com/html/educampus/img/icon_search_black.png]
[demoxml.com/html/educampus/style.css]
[demoxml.com/html/educampus/css/responsive.css]
[demoxml.com/html/educampus/img/icon_our_degree_1.png]
[demoxml.com/html/educampus/img/icon_our_degree_2.png]
[demoxml.com/html/educampus/img/icon_our_degree_3.png]
[demoxml.com/html/educampus/img/icon_practice_1.png]
[demoxml.com/html/educampus/img/icon_practice_2.png]
[demoxml.com/html/educampus/img/icon_practice_3.png]
[demoxml.com/html/educampus/about.html]
[demoxml.com/html/educampus/img/call2action2_photo.png]
[demoxml.com/html/educampus/courses.html]
[demoxml.com/html/educampus/img/upcoimg_events_1.jpg]
[demoxml.com/html/educampus/single-event.html]
[demoxml.com/html/educampus/img/upcoimg_events_2.jpg]
[demoxml.com/html/educampus/img/upcoimg_events_3.jpg]
[demoxml.com/html/educampus/img/upcoimg_events_4.jpg]
[demoxml.com/html/educampus/img/upcoimg_events_5.jpg]
[demoxml.com/html/educampus/img/upcoimg_events_6.jpg]
[demoxml.com/html/educampus/img/upcoimg_events_7.jpg]
[demoxml.com/html/educampus/img/upcoimg_events_8.jpg]
[demoxml.com/html/educampus/img/upcoimg_events_9.jpg]
[demoxml.com/html/educampus/img/upcoimg_events_10.jpg]
[demoxml.com/html/educampus/img/upcoimg_events_11.jpg]
[demoxml.com/html/educampus/img/upcoimg_events_12.jpg]
[demoxml.com/html/educampus/events.html]
[demoxml.com/html/educampus/img/latest_news_post_1.jpg]
[demoxml.com/html/educampus/single-post.html]
[demoxml.com/html/educampus/img/latest_news_post_2.jpg]
[demoxml.com/html/educampus/img/latest_news_post_3.jpg]
[demoxml.com/html/educampus/img/latest_news_post_4.jpg]
[demoxml.com/html/educampus/img/latest_news_post_5.jpg]
[demoxml.com/html/educampus/img/right_lat_news_1.jpg]
[demoxml.com/html/educampus/img/right_lat_news_2.jpg]
[demoxml.com/html/educampus/img/right_lat_news_3.jpg]
[demoxml.com/html/educampus/img/right_upcoming_event_1.jpg]
[demoxml.com/html/educampus/img/right_upcoming_event_2.jpg]
[demoxml.com/html/educampus/img/right_upcoming_event_3.jpg]
[demoxml.com/html/educampus/img/right_upcoming_event_4.jpg]
[demoxml.com/html/educampus/img/right_upcoming_event_5.jpg]
[demoxml.com/html/educampus/img/right_upcoming_event_6.jpg]
[demoxml.com/html/educampus/news.html]
[demoxml.com/html/educampus/img/stay_connect.jpg]
[demoxml.com/html/educampus/img/alumni_photo_1.jpg]
[demoxml.com/html/educampus/img/alumni_photo_2.jpg]
[demoxml.com/html/educampus/img/alumni_photo_3.jpg]
[demoxml.com/html/educampus/img/alumni_photo_4.jpg]
[demoxml.com/html/educampus/img/alumni_carousel_photo_1.jpg]
[demoxml.com/html/educampus/img/alumni_carousel_photo_2.jpg]
[demoxml.com/html/educampus/img/alumni_carousel_photo_3.jpg]
[demoxml.com/html/educampus/img/alumni_carousel_photo_4.jpg]
[demoxml.com/html/educampus/img/alumni_carousel_photo_5.jpg]
[demoxml.com/html/educampus/img/latest_blog_post_4.jpg]
[demoxml.com/html/educampus/img/latest_blog_post_5.jpg]
[demoxml.com/html/educampus/img/latest_blog_post_6.jpg]
[demoxml.com/html/educampus/alumni.html]
[demoxml.com/html/educampus/contact.html]
[demoxml.com/html/educampus/fonts/glyphicons-halflings-regular.svg]
[demoxml.com/html/educampus/fonts/fontawesome-webfonte0a5.svg]
[demoxml.com/html/educampus/fonts/Pe-icon-7-strokebb1d.svg]
[demoxml.com/html/educampus/css/owl.video.play.html]
[demoxml.com/html/educampus/single-event.html]
[demoxml.com/html/educampus/img/author_photo.jpg]
[demoxml.com/html/educampus/img/comment_photo_1.jpg]
[demoxml.com/html/educampus/img/comment_photo_2.jpg]
[demoxml.com/html/educampus/img/comment_photo_3.jpg]
[demoxml.com/html/educampus/single-post.html]
